Script started on Tue 18 Sep 2018 03:39:04 AM UTC
[vagrant@ubuntu-xenial:~/workspace/git-demo]
$ git log
[?1h=[33mcommit 562c71fd1a314421e1fe6ba989de72d2671cba88[m[m
Author: Jamie Walker <jwlker39@memphis.edu>[m
Date:   Tue Sep 18 02:37:04 2018 +0000[m
[m
    Deleted AUTHORS file[m
[m
[33mcommit aaae29c5addec6415de75dd1778c7df2dc21e73a[m[m
Author: Jamie Walker <jwlker39@memphis.edu>[m
Date:   Tue Sep 18 02:35:16 2018 +0000[m
[m
    Renamed AUTHORS to be a Markdown file[m
[m
[33mcommit 9aef39cba39a82fb344cbe213ab308d55fa8fb78[m[m
Author: Jamie Walker <jwlker39@memphis.edu>[m
Date:   Tue Sep 18 02:31:27 2018 +0000[m
[m
    Added AUTHORS FILE[m
[m
[33mcommit d6a9290bce216d8df4210648299852c7c2d62062[m[m
Author: Jamie Walker <jwlker39@memphis.edu>[m
Date:   Tue Sep 18 02:28:36 2018 +0000[m
[m
    Fixed bug in heading of home page[m
:[K[K[m
:[K[K[?1l>[vagrant@ubuntu-xenial:~/workspace/git-demo]
$ git log --graph --oneline --all --decorate
[?1h=* [33m562c71f[m[33m ([m[1;36mHEAD[m[33m -> [m[1;32mmaster[m[33m)[m Deleted AUTHORS file[m
* [33maaae29c[m Renamed AUTHORS to be a Markdown file[m
* [33m9aef39c[m Added AUTHORS FILE[m
* [33md6a9290[m Fixed bug in heading of home page[m
* [33mef53e0e[m Updated home page heading to fully expand Application[m
* [33me4c2052[m Updated heading of home page view[m
* [33m3421a81[m Revert "Updated home page view"[m
* [33mee98ea0[m Updated home page view[m
* [33mdc0c1ae[m Added a home page[m
* [33m7daa12b[m Started Git Demo project[m
[K[?1l>[vagrant@ubuntu-xenial:~/workspace/git-demo]
$ git branch
* [32mmaster[m
[vagrant@ubuntu-xenial:~/workspace/git-demo]
$ git checkout -b about-page
Switched to a new branch 'about-page'
[vagrant@ubuntu-xenial:~/workspace/git-demo]
$ 
[vagrant@ubuntu-xenial:~/workspace/git-demo]
$ 
[vagrant@ubuntu-xenial:~/workspace/git-demo]
$ git log --graph --oneline -- all --decorate
[?1h=[K[?1l>[vagrant@ubuntu-xenial:~/workspace/git-demo]
$ git --graph --one l[K[Kline --all --decorate
Unknown option: --graph
usage: git [--version] [--help] [-C <path>] [-c name=value]
           [--exec-path[=<path>]] [--html-path] [--man-path] [--info-path]
           [-p | --paginate | --no-pager] [--no-replace-objects] [--bare]
           [--git-dir=<path>] [--work-tree=<path>] [--namespace=<name>]
           <command> [<args>]
[vagrant@ubuntu-xenial:~/workspace/git-demo]
$ git log --graph --oneline --all --decorate
[?1h=* [33m562c71f[m[33m ([m[1;36mHEAD[m[33m -> [m[1;32mabout-page[m[33m, [m[1;32mmaster[m[33m)[m Deleted AUTHORS file[m
* [33maaae29c[m Renamed AUTHORS to be a Markdown file[m
* [33m9aef39c[m Added AUTHORS FILE[m
* [33md6a9290[m Fixed bug in heading of home page[m
* [33mef53e0e[m Updated home page heading to fully expand Application[m
* [33me4c2052[m Updated heading of home page view[m
* [33m3421a81[m Revert "Updated home page view"[m
* [33mee98ea0[m Updated home page view[m
* [33mdc0c1ae[m Added a home page[m
* [33m7daa12b[m Started Git Demo project[m
[K[?1l>[vagrant@ubuntu-xenial:~/workspace/git-demo]
$ git branch
* [32mabout-page[m
  master[m
[vagrant@ubuntu-xenial:~/workspace/git-demo]
$ 
[vagrant@ubuntu-xenial:~/workspace/git-demo]
$ 
[vagrant@ubuntu-xenial:~/workspace/git-demo]
$ git status
On branch about-page
Untracked files:
  (use "git add <file>..." to include in what will be committed)

	[31mhw04-textscript-2.txt[m

nothing added to commit but untracked files present (use "git add" to track)
[vagrant@ubuntu-xenial:~/workspace/git-demo]
$ git[K[K[Krails generate[K[K[K[K[K[K[K[K[K[K[K[K[K[Kgit add -a[KA
[vagrant@ubuntu-xenial:~/workspace/git-demo]
$ git commit "Added route for about page"
error: pathspec 'Added route for about page' did not match any file(s) known to git.
[vagrant@ubuntu-xenial:~/workspace/git-demo]
$ git commit -m "Added route for about page"
[about-page bcf6413] Added route for about page
 2 files changed, 1 insertion(+)
 create mode 100644 hw04-textscript-2.txt
[vagrant@ubuntu-xenial:~/workspace/git-demo]
$ git log --graph --oneline --all --decorate
[?1h=* [33mbcf6413[m[33m ([m[1;36mHEAD[m[33m -> [m[1;32mabout-page[m[33m)[m Added route for about page[m
* [33m562c71f[m[33m ([m[1;32mmaster[m[33m)[m Deleted AUTHORS file[m
* [33maaae29c[m Renamed AUTHORS to be a Markdown file[m
* [33m9aef39c[m Added AUTHORS FILE[m
* [33md6a9290[m Fixed bug in heading of home page[m
* [33mef53e0e[m Updated home page heading to fully expand Application[m
* [33me4c2052[m Updated heading of home page view[m
* [33m3421a81[m Revert "Updated home page view"[m
* [33mee98ea0[m Updated home page view[m
* [33mdc0c1ae[m Added a home page[m
* [33m7daa12b[m Started Git Demo project[m
[K[?1l>[vagrant@ubuntu-xenial:~/workspace/git-demo]
$ git com[K[K[Kadd -A
[vagrant@ubuntu-xenial:~/workspace/git-demo]
$ git commit -m "Added about action to pages conr[Ktroller"
[about-page eee6280] Added about action to pages controller
 1 file changed, 96 insertions(+)
[vagrant@ubuntu-xenial:~/workspace/git-demo]
$ git log --graph --oneline --d[Kall --decorate
[?1h=* [33meee6280[m[33m ([m[1;36mHEAD[m[33m -> [m[1;32mabout-page[m[33m)[m Added about action to pages controller[m
* [33mbcf6413[m Added route for about page[m
* [33m562c71f[m[33m ([m[1;32mmaster[m[33m)[m Deleted AUTHORS file[m
* [33maaae29c[m Renamed AUTHORS to be a Markdown file[m
* [33m9aef39c[m Added AUTHORS FILE[m
* [33md6a9290[m Fixed bug in heading of home page[m
* [33mef53e0e[m Updated home page heading to fully expand Application[m
* [33me4c2052[m Updated heading of home page view[m
* [33m3421a81[m Revert "Updated home page view"[m
* [33mee98ea0[m Updated home page view[m
* [33mdc0c1ae[m Added a home page[m
* [33m7daa12b[m Started Git Demo project[m
[K[?1l>[vagrant@ubuntu-xenial:~/workspace/git-demo]
$ git add -A
[vagrant@ubuntu-xenial:~/workspace/git-demo]
$ git commit -m "Added about view [K"
[about-page 8359666] Added about view
 2 files changed, 4 insertions(+)
 create mode 100644 app/views/pages/about.html.erb
[vagrant@ubuntu-xenial:~/workspace/git-demo]
$ git log --graph --oneline --all --decorate
[?1h=* [33m8359666[m[33m ([m[1;36mHEAD[m[33m -> [m[1;32mabout-page[m[33m)[m Added about view[m
* [33meee6280[m Added about action to pages controller[m
* [33mbcf6413[m Added route for about page[m
* [33m562c71f[m[33m ([m[1;32mmaster[m[33m)[m Deleted AUTHORS file[m
* [33maaae29c[m Renamed AUTHORS to be a Markdown file[m
* [33m9aef39c[m Added AUTHORS FILE[m
* [33md6a9290[m Fixed bug in heading of home page[m
* [33mef53e0e[m Updated home page heading to fully expand Application[m
* [33me4c2052[m Updated heading of home page view[m
* [33m3421a81[m Revert "Updated home page view"[m
* [33mee98ea0[m Updated home page view[m
* [33mdc0c1ae[m Added a home page[m
* [33m7daa12b[m Started Git Demo project[m
[K[?1l>[vagrant@ubuntu-xenial:~/workspace/git-demo]
$ rails s -b 0.0.0.0
=> Booting Puma
=> Rails 5.2.1 application starting in development 
=> Run `rails server -h` for more startup options
Puma starting in single mode...
* Version 3.12.0 (ruby 2.5.1-p57), codename: Llamas in Pajamas
* Min threads: 5, max threads: 5
* Environment: development
* Listening on tcp://0.0.0.0:3000
Use Ctrl-C to stop
Started GET "/about" for 10.0.2.2 at 2018-09-18 03:53:08 +0000
Cannot render console from 10.0.2.2! Allowed networks: 127.0.0.1, ::1, 127.0.0.0/127.255.255.255
Processing by PagesController#about as HTML
  Rendering pages/about.html.erb within layouts/application
  Rendered pages/about.html.erb within layouts/application (7.3ms)
Completed 200 OK in 1400ms (Views: 1370.0ms | ActiveRecord: 0.0ms)


^C- Gracefully stopping, waiting for requests to finish
=== puma shutdown: 2018-09-18 03:53:48 +0000 ===